Archive member included to satisfy reference by file (symbol)

c:/program files (x86)/embitz/1.11/share/em_armgcc/bin/../lib/gcc/arm-none-eabi/5.4.1/../../../../arm-none-eabi/lib/armv7-m\libg_n.a(lib_a-exit.o)
                              c:/program files (x86)/embitz/1.11/share/em_armgcc/bin/../lib/gcc/arm-none-eabi/5.4.1/../../../../arm-none-eabi/lib/armv7-m/crt0.o (exit)
c:/program files (x86)/embitz/1.11/share/em_armgcc/bin/../lib/gcc/arm-none-eabi/5.4.1/../../../../arm-none-eabi/lib/armv7-m\libg_n.a(lib_a-impure.o)
                              c:/program files (x86)/embitz/1.11/share/em_armgcc/bin/../lib/gcc/arm-none-eabi/5.4.1/../../../../arm-none-eabi/lib/armv7-m\libg_n.a(lib_a-exit.o) (_global_impure_ptr)
c:/program files (x86)/embitz/1.11/share/em_armgcc/bin/../lib/gcc/arm-none-eabi/5.4.1/../../../../arm-none-eabi/lib/armv7-m\libg_n.a(lib_a-init.o)
                              c:/program files (x86)/embitz/1.11/share/em_armgcc/bin/../lib/gcc/arm-none-eabi/5.4.1/../../../../arm-none-eabi/lib/armv7-m/crt0.o (__libc_init_array)
c:/program files (x86)/embitz/1.11/share/em_armgcc/bin/../lib/gcc/arm-none-eabi/5.4.1/../../../../arm-none-eabi/lib/armv7-m\libg_n.a(lib_a-memset.o)
                              c:/program files (x86)/embitz/1.11/share/em_armgcc/bin/../lib/gcc/arm-none-eabi/5.4.1/../../../../arm-none-eabi/lib/armv7-m/crt0.o (memset)
c:/program files (x86)/embitz/1.11/share/em_armgcc/bin/../lib/gcc/arm-none-eabi/5.4.1/../../../../arm-none-eabi/lib/armv7-m\libnosys_s.a(_exit.o)
                              c:/program files (x86)/embitz/1.11/share/em_armgcc/bin/../lib/gcc/arm-none-eabi/5.4.1/../../../../arm-none-eabi/lib/armv7-m\libg_n.a(lib_a-exit.o) (_exit)

Discarded input sections

 .text          0x00000000        0x0 c:/program files (x86)/embitz/1.11/share/em_armgcc/bin/../lib/gcc/arm-none-eabi/5.4.1/armv7-m/crti.o
 .data          0x00000000        0x0 c:/program files (x86)/embitz/1.11/share/em_armgcc/bin/../lib/gcc/arm-none-eabi/5.4.1/armv7-m/crti.o
 .bss           0x00000000        0x0 c:/program files (x86)/embitz/1.11/share/em_armgcc/bin/../lib/gcc/arm-none-eabi/5.4.1/armv7-m/crti.o
 .data          0x00000000        0x4 c:/program files (x86)/embitz/1.11/share/em_armgcc/bin/../lib/gcc/arm-none-eabi/5.4.1/armv7-m/crtbegin.o
 .data          0x00000000        0x0 c:/program files (x86)/embitz/1.11/share/em_armgcc/bin/../lib/gcc/arm-none-eabi/5.4.1/../../../../arm-none-eabi/lib/armv7-m/crt0.o
 .bss           0x00000000        0x0 c:/program files (x86)/embitz/1.11/share/em_armgcc/bin/../lib/gcc/arm-none-eabi/5.4.1/../../../../arm-none-eabi/lib/armv7-m/crt0.o
 .ARM.extab     0x00000000        0x0 c:/program files (x86)/embitz/1.11/share/em_armgcc/bin/../lib/gcc/arm-none-eabi/5.4.1/../../../../arm-none-eabi/lib/armv7-m/crt0.o
 .text          0x00000000        0x0 obj\release\rf-lib\rf_stm32f1_delay.o
 .data          0x00000000        0x0 obj\release\rf-lib\rf_stm32f1_delay.o
 .bss           0x00000000        0x0 obj\release\rf-lib\rf_stm32f1_delay.o
 .text.delay_us
                0x00000000       0x40 obj\release\rf-lib\rf_stm32f1_delay.o
 .text          0x00000000        0x0 obj\release\rf-lib\rf_stm32f1_led.o
 .data          0x00000000        0x0 obj\release\rf-lib\rf_stm32f1_led.o
 .bss           0x00000000        0x0 obj\release\rf-lib\rf_stm32f1_led.o
 .text.FM_Led_On
                0x00000000       0x18 obj\release\rf-lib\rf_stm32f1_led.o
 .text          0x00000000        0x0 obj\release\spl\src\misc.o
 .data          0x00000000        0x0 obj\release\spl\src\misc.o
 .bss           0x00000000        0x0 obj\release\spl\src\misc.o
 .text.NVIC_PriorityGroupConfig
                0x00000000       0x14 obj\release\spl\src\misc.o
 .text.NVIC_Init
                0x00000000       0x6c obj\release\spl\src\misc.o
 .text.NVIC_SetVectorTable
                0x00000000       0x14 obj\release\spl\src\misc.o
 .text.NVIC_SystemLPConfig
                0x00000000       0x18 obj\release\spl\src\misc.o
 .text          0x00000000        0x0 obj\release\spl\src\stm32f10x_adc.o
 .data          0x00000000        0x0 obj\release\spl\src\stm32f10x_adc.o
 .bss           0x00000000        0x0 obj\release\spl\src\stm32f10x_adc.o
 .text.ADC_DeInit
                0x00000000       0x6c obj\release\spl\src\stm32f10x_adc.o
 .text.ADC_Init
                0x00000000       0x48 obj\release\spl\src\stm32f10x_adc.o
 .text.ADC_StructInit
                0x00000000       0x14 obj\release\spl\src\stm32f10x_adc.o
 .text.ADC_Cmd  0x00000000       0x14 obj\release\spl\src\stm32f10x_adc.o
 .text.ADC_DMACmd
                0x00000000       0x14 obj\release\spl\src\stm32f10x_adc.o
 .text.ADC_ITConfig
                0x00000000       0x14 obj\release\spl\src\stm32f10x_adc.o
 .text.ADC_ResetCalibration
                0x00000000        0xc obj\release\spl\src\stm32f10x_adc.o
 .text.ADC_GetResetCalibrationStatus
                0x00000000        0x8 obj\release\spl\src\stm32f10x_adc.o
 .text.ADC_StartCalibration
[...]
Memory Configuration

Name             Origin             Length             Attributes
ROM              0x08000000         0x00010000         xr
RAM              0x20000000         0x00005000         xrw
*default*        0x00000000         0xffffffff

Linker script and memory map

LOAD c:/program files (x86)/embitz/1.11/share/em_armgcc/bin/../lib/gcc/arm-none-eabi/5.4.1/armv7-m/crti.o
LOAD c:/program files (x86)/embitz/1.11/share/em_armgcc/bin/../lib/gcc/arm-none-eabi/5.4.1/armv7-m/crtbegin.o
LOAD c:/program files (x86)/embitz/1.11/share/em_armgcc/bin/../lib/gcc/arm-none-eabi/5.4.1/../../../../arm-none-eabi/lib/armv7-m/crt0.o
                0x00000000                __HEAP_SIZE = 0x0
                0x00000100                __STACK_SIZE = 0x100

.text           0x08000000      0x698
 *(.isr_vector)
 .isr_vector    0x08000000       0xec obj\release\src\startup_stm32f10x_md.o
                0x08000000                __isr_vector
 *(.text*)
 .text          0x080000ec       0x5c c:/program files (x86)/embitz/1.11/share/em_armgcc/bin/../lib/gcc/arm-none-eabi/5.4.1/armv7-m/crtbegin.o
 .text          0x08000148       0x74 c:/program files (x86)/embitz/1.11/share/em_armgcc/bin/../lib/gcc/arm-none-eabi/5.4.1/../../../../arm-none-eabi/lib/armv7-m/crt0.o
                0x08000148                _start
                0x08000148                _mainCRTStartup
 .text.delay_init
                0x080001bc       0x3c obj\release\rf-lib\rf_stm32f1_delay.o
                0x080001bc                delay_init
 .text.delay_ms
                0x080001f8       0x40 obj\release\rf-lib\rf_stm32f1_delay.o
                0x080001f8                delay_ms
 .text.FM_Led_Init
                0x08000238       0x3c obj\release\rf-lib\rf_stm32f1_led.o
                0x08000238                FM_Led_Init
 .text.FM_Led_Off
                0x08000274       0x18 obj\release\rf-lib\rf_stm32f1_led.o
                0x08000274                FM_Led_Off
 .text.FM_Led_Toggle
                0x0800028c       0x1c obj\release\rf-lib\rf_stm32f1_led.o
                0x0800028c                FM_Led_Toggle
 .text.SysTick_CLKSourceConfig
                0x080002a8       0x18 obj\release\spl\src\misc.o
                0x080002a8                SysTick_CLKSourceConfig
 .text.GPIO_Init
                0x080002c0       0xcc obj\release\spl\src\stm32f10x_gpio.o
                0x080002c0                GPIO_Init
 .text.GPIO_ReadInputDataBit
                0x0800038c        0xc obj\release\spl\src\stm32f10x_gpio.o
                0x0800038c                GPIO_ReadInputDataBit
 .text.GPIO_WriteBit
                0x08000398        0xc obj\release\spl\src\stm32f10x_gpio.o
                0x08000398                GPIO_WriteBit
 .text.RCC_APB2PeriphClockCmd
                0x080003a4       0x1c obj\release\spl\src\stm32f10x_rcc.o
                0x080003a4                RCC_APB2PeriphClockCmd
 .text.startup.main
                0x080003c0       0x70 obj\release\src\main.o
                0x080003c0                main
 .text          0x08000430       0xb8 obj\release\src\startup_stm32f10x_md.o
                0x08000430                Reset_Handler
                0x08000476                NMI_Handler
                0x08000478                HardFault_Handler
                0x0800047a                MemManage_Handler
                0x0800047c                BusFault_Handler
                0x0800047e                UsageFault_Handler
                0x08000480                SVC_Handler
                0x08000482                DebugMon_Handler
                0x08000484                PendSV_Handler
                0x08000486                SysTick_Handler
                0x08000488                Default_Handler
                0x0800048a                WWDG_IRQHandler
                0x0800048c                PVD_IRQHandler
                0x0800048e                TAMPER_IRQHandler
                0x08000490                RTC_IRQHandler
                0x08000492                FLASH_IRQHandler
                0x08000494                RCC_IRQHandler
                0x08000496                EXTI0_IRQHandler
                0x08000498                EXTI1_IRQHandler
                0x0800049a                EXTI2_IRQHandler
                0x0800049c                EXTI3_IRQHandler
                0x0800049e                EXTI4_IRQHandler
                0x080004a0                DMA1_Channel1_IRQHandler
                0x080004a2                DMA1_Channel2_IRQHandler
                0x080004a4                DMA1_Channel3_IRQHandler
                0x080004a6                DMA1_Channel4_IRQHandler
                0x080004a8                DMA1_Channel5_IRQHandler
                0x080004aa                DMA1_Channel6_IRQHandler
                0x080004ac                DMA1_Channel7_IRQHandler
                0x080004ae                ADC1_2_IRQHandler
                0x080004b0                USB_HP_CAN1_TX_IRQHandler
                0x080004b2                USB_LP_CAN1_RX0_IRQHandler
                0x080004b4                CAN1_RX1_IRQHandler
                0x080004b6                CAN1_SCE_IRQHandler
                0x080004b8                EXTI9_5_IRQHandler
                0x080004ba                TIM1_BRK_IRQHandler
                0x080004bc                TIM1_UP_IRQHandler
                0x080004be                TIM1_TRG_COM_IRQHandler
                0x080004c0                TIM1_CC_IRQHandler
                0x080004c2                TIM2_IRQHandler
                0x080004c4                TIM3_IRQHandler
                0x080004c6                TIM4_IRQHandler
                0x080004c8                I2C1_EV_IRQHandler
                0x080004ca                I2C1_ER_IRQHandler
                0x080004cc                I2C2_EV_IRQHandler
                0x080004ce                I2C2_ER_IRQHandler
                0x080004d0                SPI1_IRQHandler
                0x080004d2                SPI2_IRQHandler
                0x080004d4                USART1_IRQHandler
                0x080004d6                USART2_IRQHandler
                0x080004d8                USART3_IRQHandler
                0x080004da                EXTI15_10_IRQHandler
                0x080004dc                RTCAlarm_IRQHandler
                0x080004de                USBWakeUp_IRQHandler
 .text.SystemInit
                0x080004e8      0x104 obj\release\src\system_stm32f10x.o
                0x080004e8                SystemInit
 .text.exit     0x080005ec       0x28 c:/program files (x86)/embitz/1.11/share/em_armgcc/bin/../lib/gcc/arm-none-eabi/5.4.1/../../../../arm-none-eabi/lib/armv7-m\libg_n.a(lib_a-exit.o)
                0x080005ec                exit
 .text.__libc_init_array
                0x08000614       0x4c c:/program files (x86)/embitz/1.11/share/em_armgcc/bin/../lib/gcc/arm-none-eabi/5.4.1/../../../../arm-none-eabi/lib/armv7-m\libg_n.a(lib_a-init.o)
                0x08000614                __libc_init_array
 .text.memset   0x08000660       0x10 c:/program files (x86)/embitz/1.11/share/em_armgcc/bin/../lib/gcc/arm-none-eabi/5.4.1/../../../../arm-none-eabi/lib/armv7-m\libg_n.a(lib_a-memset.o)
                0x08000660                memset
 .text._exit    0x08000670        0x2 c:/program files (x86)/embitz/1.11/share/em_armgcc/bin/../lib/gcc/arm-none-eabi/5.4.1/../../../../arm-none-eabi/lib/armv7-m\libnosys_s.a(_exit.o)
                0x08000670                _exit
 *(.init)
 *fill*         0x08000672        0x2 
 .init          0x08000674        0x4 c:/program files (x86)/embitz/1.11/share/em_armgcc/bin/../lib/gcc/arm-none-eabi/5.4.1/armv7-m/crti.o
                0x08000674                _init
 .init          0x08000678        0x8 c:/program files (x86)/embitz/1.11/share/em_armgcc/bin/../lib/gcc/arm-none-eabi/5.4.1/armv7-m/crtn.o
 *(.fini)
 .fini          0x08000680        0x4 c:/program files (x86)/embitz/1.11/share/em_armgcc/bin/../lib/gcc/arm-none-eabi/5.4.1/armv7-m/crti.o
                0x08000680                _fini
 .fini          0x08000684        0x8 c:/program files (x86)/embitz/1.11/share/em_armgcc/bin/../lib/gcc/arm-none-eabi/5.4.1/armv7-m/crtn.o
 *crtbegin.o(.ctors)
 *crtbegin?.o(.ctors)
 *(EXCLUDE_FILE(*crtend.o *crtend?.o) .ctors)
 *(SORT(.ctors.*))
 *(.ctors)
 *crtbegin.o(.dtors)
 *crtbegin?.o(.dtors)
 *(EXCLUDE_FILE(*crtend.o *crtend?.o) .dtors)
 *(SORT(.dtors.*))
 *(.dtors)
 *(.rodata*)
 .rodata.str1.1
                0x0800068c        0x2 c:/program files (x86)/embitz/1.11/share/em_armgcc/bin/../lib/gcc/arm-none-eabi/5.4.1/../../../../arm-none-eabi/lib/armv7-m\libg_n.a(lib_a-impure.o)
 *fill*         0x0800068e        0x2 
 .rodata._global_impure_ptr
                0x08000690        0x4 c:/program files (x86)/embitz/1.11/share/em_armgcc/bin/../lib/gcc/arm-none-eabi/5.4.1/../../../../arm-none-eabi/lib/armv7-m\libg_n.a(lib_a-impure.o)
                0x08000690                _global_impure_ptr
 *(.eh_frame*)
 .eh_frame      0x08000694        0x0 c:/program files (x86)/embitz/1.11/share/em_armgcc/bin/../lib/gcc/arm-none-eabi/5.4.1/armv7-m/crtbegin.o
 .eh_frame      0x08000694        0x4 c:/program files (x86)/embitz/1.11/share/em_armgcc/bin/../lib/gcc/arm-none-eabi/5.4.1/armv7-m/crtend.o

.glue_7         0x08000698        0x0
 .glue_7        0x08000698        0x0 linker stubs

.glue_7t        0x08000698        0x0
 .glue_7t       0x08000698        0x0 linker stubs

.vfp11_veneer   0x08000698        0x0
 .vfp11_veneer  0x08000698        0x0 linker stubs

.v4_bx          0x08000698        0x0
 .v4_bx         0x08000698        0x0 linker stubs

.iplt           0x08000698        0x0
 .iplt          0x08000698        0x0 c:/program files (x86)/embitz/1.11/share/em_armgcc/bin/../lib/gcc/arm-none-eabi/5.4.1/armv7-m/crtbegin.o

.ARM.extab
 *(.ARM.extab* .gnu.linkonce.armextab.*)
                0x08000698                __exidx_start = .

.ARM.exidx      0x08000698        0x8
 *(.ARM.exidx* .gnu.linkonce.armexidx.*)
 .ARM.exidx     0x08000698        0x8 c:/program files (x86)/embitz/1.11/share/em_armgcc/bin/../lib/gcc/arm-none-eabi/5.4.1/../../../../arm-none-eabi/lib/armv7-m/crt0.o
                0x080006a0                __exidx_end = .
                0x080006a0                __etext = .

.rel.dyn        0x080006a0        0x0
 .rel.iplt      0x080006a0        0x0 c:/program files (x86)/embitz/1.11/share/em_armgcc/bin/../lib/gcc/arm-none-eabi/5.4.1/armv7-m/crtbegin.o

.data           0x20000000       0x94 load address 0x080006a0
                0x20000000                __data_start__ = .
 *(vtable)
 *(.data*)
 .data.LED      0x20000000       0x28 obj\release\rf-lib\rf_stm32f1_led.o
                0x20000000                LED
 .data.SystemCoreClock
                0x20000028        0x4 obj\release\src\system_stm32f10x.o
                0x20000028                SystemCoreClock
 .data.impure_data
                0x2000002c       0x60 c:/program files (x86)/embitz/1.11/share/em_armgcc/bin/../lib/gcc/arm-none-eabi/5.4.1/../../../../arm-none-eabi/lib/armv7-m\libg_n.a(lib_a-impure.o)
                0x2000008c                . = ALIGN (0x4)
                0x2000008c                PROVIDE (__preinit_array_start, .)
 *(.preinit_array)
                0x2000008c                PROVIDE (__preinit_array_end, .)
                0x2000008c                . = ALIGN (0x4)
                0x2000008c                PROVIDE (__init_array_start, .)
 *(SORT(.init_array.*))
 *(.init_array)
 .init_array    0x2000008c        0x4 c:/program files (x86)/embitz/1.11/share/em_armgcc/bin/../lib/gcc/arm-none-eabi/5.4.1/armv7-m/crtbegin.o
                0x20000090                PROVIDE (__init_array_end, .)
                0x20000090                . = ALIGN (0x4)
                [!provide]                PROVIDE (__fini_array_start, .)
 *(SORT(.fini_array.*))
 *(.fini_array)
 .fini_array    0x20000090        0x4 c:/program files (x86)/embitz/1.11/share/em_armgcc/bin/../lib/gcc/arm-none-eabi/5.4.1/armv7-m/crtbegin.o
                [!provide]                PROVIDE (__fini_array_end, .)
                0x20000094                . = ALIGN (0x4)
                0x20000094                __data_end__ = .

.jcr            0x20000094        0x0 load address 0x08000734
 .jcr           0x20000094        0x0 c:/program files (x86)/embitz/1.11/share/em_armgcc/bin/../lib/gcc/arm-none-eabi/5.4.1/armv7-m/crtbegin.o

.igot.plt       0x20000094        0x0 load address 0x08000734
 .igot.plt      0x20000094        0x0 c:/program files (x86)/embitz/1.11/share/em_armgcc/bin/../lib/gcc/arm-none-eabi/5.4.1/armv7-m/crtbegin.o

.bss            0x20000094       0x20 load address 0x08000734
                0x20000094                __bss_start__ = .
 *(.bss*)
 .bss           0x20000094       0x1c c:/program files (x86)/embitz/1.11/share/em_armgcc/bin/../lib/gcc/arm-none-eabi/5.4.1/armv7-m/crtbegin.o
 .bss.fac_us    0x200000b0        0x1 obj\release\rf-lib\rf_stm32f1_delay.o
 *fill*         0x200000b1        0x1 
 .bss.fac_ms    0x200000b2        0x2 obj\release\rf-lib\rf_stm32f1_delay.o
 *(COMMON)
                0x200000b4                __bss_end__ = .

.heap           0x200000b8        0x0
                0x200000b8                __end__ = .
                0x200000b8                end = __end__
 *(.heap*)
 .heap          0x200000b8        0x0 obj\release\src\startup_stm32f10x_md.o
                0x200000b8                __HeapLimit = .

.stack_dummy    0x200000b8      0x100
 *(.stack)
 .stack         0x200000b8      0x100 obj\release\src\startup_stm32f10x_md.o
                0x20005000                __StackTop = (ORIGIN (RAM) + LENGTH (RAM))
                0x20004f00                __StackLimit = (__StackTop - SIZEOF (.stack_dummy))
                0x20005000                PROVIDE (__stack, __StackTop)
                0x00000001                ASSERT ((__StackLimit >= __HeapLimit), region RAM overflowed with stack)
LOAD obj\release\rf-lib\rf_stm32f1_delay.o
LOAD obj\release\rf-lib\rf_stm32f1_led.o
LOAD obj\release\spl\src\misc.o
LOAD obj\release\spl\src\stm32f10x_adc.o
LOAD obj\release\spl\src\stm32f10x_bkp.o
LOAD obj\release\spl\src\stm32f10x_can.o
LOAD obj\release\spl\src\stm32f10x_cec.o
LOAD obj\release\spl\src\stm32f10x_crc.o
LOAD obj\release\spl\src\stm32f10x_dac.o
LOAD obj\release\spl\src\stm32f10x_dbgmcu.o
LOAD obj\release\spl\src\stm32f10x_dma.o
LOAD obj\release\spl\src\stm32f10x_exti.o
LOAD obj\release\spl\src\stm32f10x_flash.o
LOAD obj\release\spl\src\stm32f10x_fsmc.o
LOAD obj\release\spl\src\stm32f10x_gpio.o
LOAD obj\release\spl\src\stm32f10x_i2c.o
LOAD obj\release\spl\src\stm32f10x_iwdg.o
LOAD obj\release\spl\src\stm32f10x_pwr.o
LOAD obj\release\spl\src\stm32f10x_rcc.o
LOAD obj\release\spl\src\stm32f10x_rtc.o
LOAD obj\release\spl\src\stm32f10x_sdio.o
LOAD obj\release\spl\src\stm32f10x_spi.o
LOAD obj\release\spl\src\stm32f10x_tim.o
LOAD obj\release\spl\src\stm32f10x_usart.o
LOAD obj\release\spl\src\stm32f10x_wwdg.o
LOAD obj\release\src\main.o
LOAD obj\release\src\startup_stm32f10x_md.o
LOAD obj\release\src\system_stm32f10x.o
START GROUP
LOAD c:/program files (x86)/embitz/1.11/share/em_armgcc/bin/../lib/gcc/arm-none-eabi/5.4.1/armv7-m\libgcc.a
LOAD c:/program files (x86)/embitz/1.11/share/em_armgcc/bin/../lib/gcc/arm-none-eabi/5.4.1/../../../../arm-none-eabi/lib/armv7-m\libg_n.a
LOAD c:/program files (x86)/embitz/1.11/share/em_armgcc/bin/../lib/gcc/arm-none-eabi/5.4.1/../../../../arm-none-eabi/lib/armv7-m\libc_n.a
END GROUP
START GROUP
LOAD c:/program files (x86)/embitz/1.11/share/em_armgcc/bin/../lib/gcc/arm-none-eabi/5.4.1/armv7-m\libgcc.a
LOAD c:/program files (x86)/embitz/1.11/share/em_armgcc/bin/../lib/gcc/arm-none-eabi/5.4.1/../../../../arm-none-eabi/lib/armv7-m\libc_n.a
LOAD c:/program files (x86)/embitz/1.11/share/em_armgcc/bin/../lib/gcc/arm-none-eabi/5.4.1/../../../../arm-none-eabi/lib/armv7-m\libnosys_s.a
END GROUP
LOAD c:/program files (x86)/embitz/1.11/share/em_armgcc/bin/../lib/gcc/arm-none-eabi/5.4.1/armv7-m/crtend.o
LOAD c:/program files (x86)/embitz/1.11/share/em_armgcc/bin/../lib/gcc/arm-none-eabi/5.4.1/armv7-m/crtn.o
OUTPUT(bin\Release\STM32F103-BluePill-Blinky.elf elf32-littlearm)

.ARM.attributes
                0x00000000       0x29
 .ARM.attributes
                0x00000000       0x1d c:/program files (x86)/embitz/1.11/share/em_armgcc/bin/../lib/gcc/arm-none-eabi/5.4.1/armv7-m/crti.o
 .ARM.attributes
                0x0000001d       0x2d c:/program files (x86)/embitz/1.11/share/em_armgcc/bin/../lib/gcc/arm-none-eabi/5.4.1/armv7-m/crtbegin.o
 .ARM.attributes
                0x0000004a       0x1b c:/program files (x86)/embitz/1.11/share/em_armgcc/bin/../lib/gcc/arm-none-eabi/5.4.1/../../../../arm-none-eabi/lib/armv7-m/crt0.o
 .ARM.attributes
                0x00000065       0x33 obj\release\rf-lib\rf_stm32f1_delay.o
 .ARM.attributes
                0x00000098       0x33 obj\release\rf-lib\rf_stm32f1_led.o
 .ARM.attributes
                0x000000cb       0x33 obj\release\spl\src\misc.o
 .ARM.attributes
                0x000000fe       0x33 obj\release\spl\src\stm32f10x_gpio.o
 .ARM.attributes
                0x00000131       0x33 obj\release\spl\src\stm32f10x_rcc.o
 .ARM.attributes
                0x00000164       0x33 obj\release\src\main.o
 .ARM.attributes
                0x00000197       0x1b obj\release\src\startup_stm32f10x_md.o
 .ARM.attributes
                0x000001b2       0x33 obj\release\src\system_stm32f10x.o
 .ARM.attributes
                0x000001e5       0x2d c:/program files (x86)/embitz/1.11/share/em_armgcc/bin/../lib/gcc/arm-none-eabi/5.4.1/../../../../arm-none-eabi/lib/armv7-m\libg_n.a(lib_a-exit.o)
 .ARM.attributes
                0x00000212       0x2d c:/program files (x86)/embitz/1.11/share/em_armgcc/bin/../lib/gcc/arm-none-eabi/5.4.1/../../../../arm-none-eabi/lib/armv7-m\libg_n.a(lib_a-impure.o)
 .ARM.attributes
                0x0000023f       0x2d c:/program files (x86)/embitz/1.11/share/em_armgcc/bin/../lib/gcc/arm-none-eabi/5.4.1/../../../../arm-none-eabi/lib/armv7-m\libg_n.a(lib_a-init.o)
 .ARM.attributes
                0x0000026c       0x2d c:/program files (x86)/embitz/1.11/share/em_armgcc/bin/../lib/gcc/arm-none-eabi/5.4.1/../../../../arm-none-eabi/lib/armv7-m\libg_n.a(lib_a-memset.o)
 .ARM.attributes
                0x00000299       0x2d c:/program files (x86)/embitz/1.11/share/em_armgcc/bin/../lib/gcc/arm-none-eabi/5.4.1/../../../../arm-none-eabi/lib/armv7-m\libnosys_s.a(_exit.o)
 .ARM.attributes
                0x000002c6       0x2d c:/program files (x86)/embitz/1.11/share/em_armgcc/bin/../lib/gcc/arm-none-eabi/5.4.1/armv7-m/crtend.o
 .ARM.attributes
                0x000002f3       0x1d c:/program files (x86)/embitz/1.11/share/em_armgcc/bin/../lib/gcc/arm-none-eabi/5.4.1/armv7-m/crtn.o

.comment        0x00000000       0x6e
 .comment       0x00000000       0x6e obj\release\rf-lib\rf_stm32f1_delay.o
                                 0x6f (size before relaxing)
 .comment       0x0000006e       0x6f obj\release\rf-lib\rf_stm32f1_led.o
 .comment       0x0000006e       0x6f obj\release\spl\src\misc.o
 .comment       0x0000006e       0x6f obj\release\spl\src\stm32f10x_gpio.o
 .comment       0x0000006e       0x6f obj\release\spl\src\stm32f10x_rcc.o
 .comment       0x0000006e       0x6f obj\release\src\main.o
 .comment       0x0000006e       0x6f obj\release\src\system_stm32f10x.o

.debug_info     0x00000000     0x263a
 .debug_info    0x00000000      0x219 obj\release\rf-lib\rf_stm32f1_delay.o
 .debug_info    0x00000219      0x3e9 obj\release\rf-lib\rf_stm32f1_led.o
 .debug_info    0x00000602      0x560 obj\release\spl\src\misc.o
 .debug_info    0x00000b62      0x891 obj\release\spl\src\stm32f10x_gpio.o
 .debug_info    0x000013f3      0x946 obj\release\spl\src\stm32f10x_rcc.o
 .debug_info    0x00001d39      0x3b0 obj\release\src\main.o
 .debug_info    0x000020e9       0x89 obj\release\src\startup_stm32f10x_md.o
 .debug_info    0x00002172      0x4c8 obj\release\src\system_stm32f10x.o

.debug_abbrev   0x00000000      0xb9b
 .debug_abbrev  0x00000000      0x133 obj\release\rf-lib\rf_stm32f1_delay.o
 .debug_abbrev  0x00000133      0x187 obj\release\rf-lib\rf_stm32f1_led.o
 .debug_abbrev  0x000002ba      0x158 obj\release\spl\src\misc.o
 .debug_abbrev  0x00000412      0x202 obj\release\spl\src\stm32f10x_gpio.o
 .debug_abbrev  0x00000614      0x270 obj\release\spl\src\stm32f10x_rcc.o
 .debug_abbrev  0x00000884      0x193 obj\release\src\main.o
 .debug_abbrev  0x00000a17       0x14 obj\release\src\startup_stm32f10x_md.o
 .debug_abbrev  0x00000a2b      0x170 obj\release\src\system_stm32f10x.o

.debug_loc      0x00000000      0xfbd
 .debug_loc     0x00000000       0x68 obj\release\rf-lib\rf_stm32f1_delay.o
 .debug_loc     0x00000068       0x77 obj\release\rf-lib\rf_stm32f1_led.o
 .debug_loc     0x000000df      0x193 obj\release\spl\src\misc.o
 .debug_loc     0x00000272      0x569 obj\release\spl\src\stm32f10x_gpio.o
 .debug_loc     0x000007db      0x726 obj\release\spl\src\stm32f10x_rcc.o
 .debug_loc     0x00000f01       0xbc obj\release\src\system_stm32f10x.o

.debug_aranges  0x00000000      0x2d0
 .debug_aranges
                0x00000000       0x30 obj\release\rf-lib\rf_stm32f1_delay.o
 .debug_aranges
                0x00000030       0x38 obj\release\rf-lib\rf_stm32f1_led.o
 .debug_aranges
                0x00000068       0x40 obj\release\spl\src\misc.o
 .debug_aranges
                0x000000a8       0xa8 obj\release\spl\src\stm32f10x_gpio.o
 .debug_aranges
                0x00000150      0x118 obj\release\spl\src\stm32f10x_rcc.o
 .debug_aranges
                0x00000268       0x20 obj\release\src\main.o
 .debug_aranges
                0x00000288       0x20 obj\release\src\startup_stm32f10x_md.o
 .debug_aranges
                0x000002a8       0x28 obj\release\src\system_stm32f10x.o

.debug_ranges   0x00000000      0x288
 .debug_ranges  0x00000000       0x20 obj\release\rf-lib\rf_stm32f1_delay.o
 .debug_ranges  0x00000020       0x28 obj\release\rf-lib\rf_stm32f1_led.o
 .debug_ranges  0x00000048       0x30 obj\release\spl\src\misc.o
 .debug_ranges  0x00000078       0x98 obj\release\spl\src\stm32f10x_gpio.o
 .debug_ranges  0x00000110      0x128 obj\release\spl\src\stm32f10x_rcc.o
 .debug_ranges  0x00000238       0x10 obj\release\src\main.o
 .debug_ranges  0x00000248       0x40 obj\release\src\system_stm32f10x.o

.debug_line     0x00000000     0x10c8
 .debug_line    0x00000000      0x1ae obj\release\rf-lib\rf_stm32f1_delay.o
 .debug_line    0x000001ae      0x1d7 obj\release\rf-lib\rf_stm32f1_led.o
 .debug_line    0x00000385      0x1ae obj\release\spl\src\misc.o
 .debug_line    0x00000533      0x357 obj\release\spl\src\stm32f10x_gpio.o
 .debug_line    0x0000088a      0x42f obj\release\spl\src\stm32f10x_rcc.o
 .debug_line    0x00000cb9      0x1b6 obj\release\src\main.o
 .debug_line    0x00000e6f       0xa8 obj\release\src\startup_stm32f10x_md.o
 .debug_line    0x00000f17      0x1b1 obj\release\src\system_stm32f10x.o

.debug_str      0x00000000      0xd26
 .debug_str     0x00000000      0x22b obj\release\rf-lib\rf_stm32f1_delay.o
                                0x281 (size before relaxing)
 .debug_str     0x0000022b      0x22c obj\release\rf-lib\rf_stm32f1_led.o
                                0x3f9 (size before relaxing)
 .debug_str     0x00000457      0x20b obj\release\spl\src\misc.o
                                0x41a (size before relaxing)
 .debug_str     0x00000662      0x234 obj\release\spl\src\stm32f10x_gpio.o
                                0x58c (size before relaxing)
 .debug_str     0x00000896      0x3fb obj\release\spl\src\stm32f10x_rcc.o
                                0x676 (size before relaxing)
 .debug_str     0x00000c91       0x28 obj\release\src\main.o
                                0x3b0 (size before relaxing)
 .debug_str     0x00000cb9       0x6d obj\release\src\system_stm32f10x.o
                                0x348 (size before relaxing)

.debug_frame    0x00000000      0x60c
 .debug_frame   0x00000000       0x60 obj\release\rf-lib\rf_stm32f1_delay.o
 .debug_frame   0x00000060       0x64 obj\release\rf-lib\rf_stm32f1_led.o
 .debug_frame   0x000000c4       0x6c obj\release\spl\src\misc.o
 .debug_frame   0x00000130      0x1b0 obj\release\spl\src\stm32f10x_gpio.o
 .debug_frame   0x000002e0      0x228 obj\release\spl\src\stm32f10x_rcc.o
 .debug_frame   0x00000508       0x28 obj\release\src\main.o
 .debug_frame   0x00000530       0x48 obj\release\src\system_stm32f10x.o
 .debug_frame   0x00000578       0x28 c:/program files (x86)/embitz/1.11/share/em_armgcc/bin/../lib/gcc/arm-none-eabi/5.4.1/../../../../arm-none-eabi/lib/armv7-m\libg_n.a(lib_a-exit.o)
 .debug_frame   0x000005a0       0x2c c:/program files (x86)/embitz/1.11/share/em_armgcc/bin/../lib/gcc/arm-none-eabi/5.4.1/../../../../arm-none-eabi/lib/armv7-m\libg_n.a(lib_a-init.o)
 .debug_frame   0x000005cc       0x20 c:/program files (x86)/embitz/1.11/share/em_armgcc/bin/../lib/gcc/arm-none-eabi/5.4.1/../../../../arm-none-eabi/lib/armv7-m\libg_n.a(lib_a-memset.o)
 .debug_frame   0x000005ec       0x20 c:/program files (x86)/embitz/1.11/share/em_armgcc/bin/../lib/gcc/arm-none-eabi/5.4.1/../../../../arm-none-eabi/lib/armv7-m\libnosys_s.a(_exit.o)
